// Jest Snapshot v1, https://goo.gl/fbAQLP

exports[`ProductTitle should display the component correctly with personalizable title 1`] = `
<span
  className="productDescription custom-class"
>
  Custom product
</span>
`;

exports[`ProductTitle should display the component with product title 1`] = `
<div
  className="productCard undefined"
>
  <span
    className="productDescription undefined"
  >
    Coffe mug - without image
  </span>
</div>
`;
